// Jest Snapshot v1, https://goo.gl/fbAQLP

exports[`SimpleComponent matches the snapshot 1`] = `
<div>
  test message
</div>
`;
