// Jest Snapshot v1, https://goo.gl/fbAQLP

exports[`StyledComponent matches the snapshot 1`] = `
<StyledDiv>
  test message
</StyledDiv>
`;
