// Jest Snapshot v1, https://goo.gl/fbAQLP

exports[`App should match the snapshot 1`] = `
<div>
  <SimpleComponent
    message="Simple component demo"
  />
  <StyledComponent
    message="Styled component demo"
  />
</div>
`;
